// Jest Snapshot v1, https://goo.gl/fbAQLP

exports[`<Metatags /> 1`] = `
Object {
  "asFragment": [Function],
  "baseElement": <head>
    <title>
      CFYN
    </title>
    <meta
      content="width=device-width, initial-scale=1.0"
      name="viewport"
    />
    <meta
      content="summary"
      name="twitter:card"
    />
    <meta
      content="@CFYN"
      name="twitter:site"
    />
    <meta
      content="CFYN"
      name="twitter:title"
    />
    <meta
      content="Your finance made easy !"
      name="twitter:description"
    />
    <meta
      name="twitter:image"
    />
    <meta
      content="CFYN"
      property="og:title"
    />
    <meta
      content="Your finance made easy !"
      property="og:description"
    />
    <meta
      property="og:image"
    />
  </head>,
  "container": <head>
    <title>
      CFYN
    </title>
    <meta
      content="width=device-width, initial-scale=1.0"
      name="viewport"
    />
    <meta
      content="summary"
      name="twitter:card"
    />
    <meta
      content="@CFYN"
      name="twitter:site"
    />
    <meta
      content="CFYN"
      name="twitter:title"
    />
    <meta
      content="Your finance made easy !"
      name="twitter:description"
    />
    <meta
      name="twitter:image"
    />
    <meta
      content="CFYN"
      property="og:title"
    />
    <meta
      content="Your finance made easy !"
      property="og:description"
    />
    <meta
      property="og:image"
    />
  </head>,
  "debug": [Function],
  "findAllByAltText": [Function],
  "findAllByDisplayValue": [Function],
  "findAllByLabelText": [Function],
  "findAllByPlaceholderText": [Function],
  "findAllByRole": [Function],
  "findAllByTestId": [Function],
  "findAllByText": [Function],
  "findAllByTitle": [Function],
  "findByAltText": [Function],
  "findByDisplayValue": [Function],
  "findByLabelText": [Function],
  "findByPlaceholderText": [Function],
  "findByRole": [Function],
  "findByTestId": [Function],
  "findByText": [Function],
  "findByTitle": [Function],
  "getAllByAltText": [Function],
  "getAllByDisplayValue": [Function],
  "getAllByLabelText": [Function],
  "getAllByPlaceholderText": [Function],
  "getAllByRole": [Function],
  "getAllByTestId": [Function],
  "getAllByText": [Function],
  "getAllByTitle": [Function],
  "getByAltText": [Function],
  "getByDisplayValue": [Function],
  "getByLabelText": [Function],
  "getByPlaceholderText": [Function],
  "getByRole": [Function],
  "getByTestId": [Function],
  "getByText": [Function],
  "getByTitle": [Function],
  "queryAllByAltText": [Function],
  "queryAllByDisplayValue": [Function],
  "queryAllByLabelText": [Function],
  "queryAllByPlaceholderText": [Function],
  "queryAllByRole": [Function],
  "queryAllByTestId": [Function],
  "queryAllByText": [Function],
  "queryAllByTitle": [Function],
  "queryByAltText": [Function],
  "queryByDisplayValue": [Function],
  "queryByLabelText": [Function],
  "queryByPlaceholderText": [Function],
  "queryByRole": [Function],
  "queryByTestId": [Function],
  "queryByText": [Function],
  "queryByTitle": [Function],
  "rerender": [Function],
  "unmount": [Function],
}
`;
